$0=kieker.common.record.misc.KiekerMetadataRecord
$1=1.10-SNAPSHOT
$2=kieker
$3=Osterinsel
$4=NANOSECONDS
$5=kieker.common.record.flow.trace.TraceMetadata
$6=<no-session-id>
$7=kieker.common.record.flow.trace.operation.constructor.BeforeConstructorEvent
$8=public mooBench.monitoredApplication.MonitoredClassThreaded.<init>()
$9=mooBench.monitoredApplication.MonitoredClassThreaded
$10=kieker.common.record.flow.trace.operation.constructor.AfterConstructorEvent
$11=kieker.common.record.flow.trace.operation.BeforeOperationEvent
$12=private static final kieker.common.logging.LogFactory$Logger kieker.common.logging.LogFactory.detectLogger()
$13=kieker.common.logging.LogFactory
$14=private kieker.common.logging.LogFactory$Logger.<init>(java.lang.String, int)
$15=kieker.common.logging.LogFactory$Logger
$16=kieker.common.record.flow.trace.operation.AfterOperationEvent
$17=public static final kieker.common.logging.Log kieker.common.logging.LogFactory.getLog(java.lang.Class)
$18=public static final kieker.common.logging.Log kieker.common.logging.LogFactory.getLog(java.lang.String)
$19=public static final kieker.common.logging.LogFactory$Logger[] kieker.common.logging.LogFactory$Logger.values()
$20=protected kieker.common.logging.LogImplJDK14.<init>(java.lang.String)
$21=kieker.common.logging.LogImplJDK14
$22=public final boolean kieker.common.logging.LogImplJDK14.isDebugEnabled()
$23=public static final kieker.monitoring.core.controller.IMonitoringController kieker.monitoring.core.controller.MonitoringController.getInstance()
$24=kieker.monitoring.core.controller.MonitoringController
$25=public static final kieker.common.configuration.Configuration kieker.monitoring.core.configuration.ConfigurationFactory.createSingletonConfiguration()
$26=kieker.monitoring.core.configuration.ConfigurationFactory
$27=private static final kieker.common.configuration.Configuration kieker.monitoring.core.configuration.ConfigurationFactory.defaultConfiguration()
$28=private static final kieker.common.configuration.Configuration kieker.monitoring.core.configuration.ConfigurationFactory.loadConfigurationFromResource(java.lang.String, kieker.common.configuration.Configuration)
$29=public kieker.common.configuration.Configuration.<init>(java.util.Properties)
$30=kieker.common.configuration.Configuration
$31=public final synchronized java.lang.Object kieker.common.configuration.Configuration.put(java.lang.Object, java.lang.Object)
$32=public final void kieker.common.logging.LogImplJDK14.info(java.lang.String)
$33=private final void kieker.common.logging.LogImplJDK14.log(java.util.logging.Level, java.lang.String, java.lang.Throwable)
$34=private static final kieker.common.configuration.Configuration kieker.monitoring.core.configuration.ConfigurationFactory.getSystemPropertiesStartingWith(java.lang.String, kieker.common.configuration.Configuration)
$35=public static final kieker.monitoring.core.controller.IMonitoringController kieker.monitoring.core.controller.MonitoringController.createInstance(kieker.common.configuration.Configuration)
$36=protected kieker.monitoring.core.controller.AbstractController.<init>(kieker.common.configuration.Configuration)
$37=private kieker.monitoring.core.controller.MonitoringController.<init>(kieker.common.configuration.Configuration)
$38=kieker.monitoring.core.controller.StateController
$39=protected kieker.monitoring.core.controller.StateController.<init>(kieker.common.configuration.Configuration)
$40=public final java.lang.String kieker.common.configuration.Configuration.getStringProperty(java.lang.String)
$41=public final java.lang.String kieker.common.configuration.Configuration.getProperty(java.lang.String)
$42=public final int kieker.common.configuration.Configuration.getIntProperty(java.lang.String)
$43=public final boolean kieker.common.configuration.Configuration.getBooleanProperty(java.lang.String)
$44=kieker.monitoring.core.controller.SamplingController
$45=protected kieker.monitoring.core.controller.SamplingController.<init>(kieker.common.configuration.Configuration)
$46=kieker.monitoring.core.controller.JMXController
$47=protected kieker.monitoring.core.controller.JMXController.<init>(kieker.common.configuration.Configuration)
$48=private kieker.monitoring.core.controller.JMXController$JMXImplementation.<init>(java.lang.String, int)
$49=kieker.monitoring.core.controller.JMXController$JMXImplementation
$50=kieker.monitoring.core.controller.WriterController
$51=public kieker.monitoring.core.controller.WriterController.<init>(kieker.common.configuration.Configuration)
$52=protected static final java.lang.Object kieker.monitoring.core.controller.AbstractController.createAndInitialize(java.lang.Class, java.lang.String, kieker.common.configuration.Configuration)
$53=kieker.monitoring.core.controller.AbstractController
$54=public final kieker.common.configuration.Configuration kieker.common.configuration.Configuration.getPropertiesStartingWith(java.lang.String)
$55=public final synchronized java.lang.Object kieker.common.configuration.Configuration.get(java.lang.Object)
$56=protected kieker.monitoring.writer.AbstractMonitoringWriter.<init>(kieker.common.configuration.Configuration)
$57=kieker.monitoring.writer.filesystem.AsyncFsWriter
$58=protected kieker.common.configuration.Configuration kieker.monitoring.writer.filesystem.AsyncFsWriter.getDefaultConfiguration()
$59=protected kieker.common.configuration.Configuration kieker.monitoring.writer.filesystem.AbstractAsyncFSWriter.getDefaultConfiguration()
$60=protected kieker.common.configuration.Configuration kieker.monitoring.writer.AbstractAsyncWriter.getDefaultConfiguration()
$61=protected kieker.common.configuration.Configuration kieker.monitoring.writer.AbstractMonitoringWriter.getDefaultConfiguration()
$62=public final void kieker.common.configuration.Configuration.setDefaultConfiguration(kieker.common.configuration.Configuration)
$63=protected kieker.monitoring.writer.AbstractAsyncWriter.<init>(kieker.common.configuration.Configuration)
$64=protected kieker.monitoring.writer.filesystem.AbstractAsyncFSWriter.<init>(kieker.common.configuration.Configuration)
$65=public kieker.monitoring.writer.filesystem.AsyncFsWriter.<init>(kieker.common.configuration.Configuration)
$66=kieker.monitoring.core.controller.TimeSourceController
$67=protected kieker.monitoring.core.controller.TimeSourceController.<init>(kieker.common.configuration.Configuration)
$68=protected kieker.monitoring.timer.AbstractTimeSource.<init>(kieker.common.configuration.Configuration)
$69=kieker.monitoring.timer.SystemNanoTimer
$70=protected kieker.common.configuration.Configuration kieker.monitoring.timer.AbstractTimeSource.getDefaultConfiguration()
$72=public final long kieker.common.configuration.Configuration.getLongProperty(java.lang.String)
$73=kieker.monitoring.core.controller.RegistryController
$74=protected kieker.monitoring.core.controller.RegistryController.<init>(kieker.common.configuration.Configuration)
$75=public kieker.common.util.registry.Registry.<init>()
$76=kieker.common.util.registry.Registry
$71=public kieker.monitoring.timer.SystemNanoTimer.<init>(kieker.common.configuration.Configuration)
$77=protected kieker.common.util.registry.Registry$Segment.<init>(int, double)
$78=kieker.common.util.registry.Registry$Segment
$79=kieker.monitoring.core.controller.ProbeController
$80=protected kieker.monitoring.core.controller.ProbeController.<init>(kieker.common.configuration.Configuration)
$81=protected final void kieker.monitoring.core.controller.AbstractController.setMonitoringController(kieker.monitoring.core.controller.MonitoringController)
$82=protected final boolean kieker.monitoring.core.controller.AbstractController.isTerminated()
$83=protected final void kieker.monitoring.core.controller.StateController.init()
$84=protected final void kieker.monitoring.core.controller.SamplingController.init()
$85=protected final void kieker.monitoring.core.controller.JMXController.init()
$86=protected final void kieker.monitoring.core.controller.WriterController.init()
$87=public final void kieker.monitoring.writer.AbstractMonitoringWriter.setController(kieker.monitoring.core.controller.IMonitoringController)
$91=public final java.lang.String kieker.monitoring.core.controller.MonitoringController.getName()
$88=protected final void kieker.monitoring.writer.filesystem.AbstractAsyncFSWriter.init()
$89=public final java.lang.String kieker.monitoring.core.controller.MonitoringController.getHostname()
$92=public final java.lang.String kieker.monitoring.core.controller.StateController.getName()
$90=public final java.lang.String kieker.monitoring.core.controller.StateController.getHostname()
$93=public kieker.monitoring.writer.filesystem.map.MappingFileWriter.<init>(java.lang.String)
$94=kieker.monitoring.writer.filesystem.map.MappingFileWriter
$95=protected final kieker.monitoring.writer.filesystem.async.AbstractFsWriterThread kieker.monitoring.writer.filesystem.AsyncFsWriter.initWorker(kieker.monitoring.core.controller.IMonitoringController, java.util.concurrent.BlockingQueue, kieker.monitoring.writer.filesystem.map.MappingFileWriter, java.lang.String, int, int, int)
$96=public kieker.common.record.AbstractMonitoringRecord.<init>()
$99=public kieker.monitoring.writer.AbstractAsyncThread.<init>(kieker.monitoring.core.controller.IMonitoringController, java.util.concurrent.BlockingQueue)
$101=public kieker.monitoring.writer.filesystem.async.AbstractFsWriterThread.<init>(kieker.monitoring.core.controller.IMonitoringController, java.util.concurrent.BlockingQueue, kieker.monitoring.writer.filesystem.map.MappingFileWriter, java.lang.String, int, int, int)
$97=kieker.common.record.misc.EmptyRecord
$102=public kieker.monitoring.writer.filesystem.async.FsWriterThread.<init>(kieker.monitoring.core.controller.IMonitoringController, java.util.concurrent.BlockingQueue, kieker.monitoring.writer.filesystem.map.MappingFileWriter, java.lang.String, int, int, int, boolean, int)
$98=public kieker.common.record.misc.EmptyRecord.<init>()
$100=kieker.monitoring.writer.filesystem.async.FsWriterThread
$103=protected final void kieker.monitoring.writer.AbstractAsyncWriter.addWorker(kieker.monitoring.writer.AbstractAsyncThread)
$104=protected final void kieker.monitoring.core.controller.TimeSourceController.init()
$106=public final void kieker.common.util.registry.Registry.setRecordReceiver(kieker.common.util.registry.IMonitoringRecordReceiver)
$105=protected final void kieker.monitoring.core.controller.RegistryController.init()
$107=protected final void kieker.common.util.registry.Registry$Segment.setRecordReceiver(kieker.common.util.registry.IMonitoringRecordReceiver)
$108=protected void kieker.monitoring.core.controller.ProbeController.init()
$109=protected final void kieker.monitoring.core.controller.MonitoringController.init()
$110=kieker.monitoring.core.controller.MonitoringController$1.<init>(kieker.monitoring.core.controller.MonitoringController)
$111=kieker.monitoring.core.controller.MonitoringController$1
$112=public final java.lang.String kieker.monitoring.core.controller.MonitoringController.toString()
$113=public static final java.lang.String kieker.monitoring.core.controller.MonitoringController.getVersion()
$114=public static final java.lang.String kieker.common.util.Version.getVERSION()
$115=kieker.common.util.Version
$116=public final java.lang.String kieker.monitoring.core.controller.StateController.toString()
$117=public final boolean kieker.monitoring.core.controller.StateController.isMonitoringTerminated()
$118=public final boolean kieker.monitoring.core.controller.StateController.isMonitoringEnabled()
$119=public final int kieker.monitoring.core.controller.StateController.getExperimentId()
$121=public final java.lang.String kieker.monitoring.core.controller.RegistryController.toString()
$122=public final int kieker.common.util.registry.Registry.getSize()
$123=public final java.lang.String kieker.monitoring.core.controller.TimeSourceController.toString()
$124=public final kieker.monitoring.timer.ITimeSource kieker.monitoring.core.controller.TimeSourceController.getTimeSource()
$125=public final java.lang.String kieker.monitoring.timer.SystemNanoTimer.toString()
$126=public java.lang.String kieker.monitoring.core.controller.ProbeController.toString()
$127=public final java.lang.String kieker.monitoring.core.controller.WriterController.toString()
$128=public final long kieker.monitoring.core.controller.WriterController.getNumberOfInserts()
$129=public java.lang.String kieker.monitoring.writer.AbstractAsyncWriter.toString()
$130=public java.lang.String kieker.monitoring.writer.AbstractMonitoringWriter.toString()
$131=public final java.lang.String kieker.monitoring.writer.filesystem.async.AbstractFsWriterThread.toString()
$132=public java.lang.String kieker.monitoring.writer.AbstractAsyncThread.toString()
$133=public final boolean kieker.monitoring.writer.AbstractAsyncThread.isFinished()
$134=public final java.lang.String kieker.monitoring.core.controller.SamplingController.toString()
$135=public final kieker.monitoring.timer.ITimeSource kieker.monitoring.core.controller.MonitoringController.getTimeSource()
$136=public final void kieker.monitoring.writer.AbstractAsyncThread.run()
$137=private kieker.monitoring.core.registry.TraceRegistry.<init>(java.lang.String, int)
$138=kieker.monitoring.core.registry.TraceRegistry
$139=public final boolean kieker.monitoring.core.controller.MonitoringController.isDebug()
$140=public final boolean kieker.monitoring.core.controller.StateController.isDebug()
$141=public kieker.monitoring.probe.aspectj.flow.operationExecution.TargetedAspect.<init>()
$142=kieker.monitoring.probe.aspectj.flow.operationExecution.TargetedAspect
$143=public final boolean kieker.monitoring.core.controller.MonitoringController.isMonitoringEnabled()
$144=public boolean kieker.monitoring.core.controller.MonitoringController.isProbeActivated(java.lang.String)
$145=public boolean kieker.monitoring.core.controller.ProbeController.isProbeActivated(java.lang.String)
$146=public final kieker.common.record.flow.trace.TraceMetadata kieker.monitoring.core.registry.TraceRegistry.getTrace()
$147=public final kieker.common.record.flow.trace.TraceMetadata kieker.monitoring.core.registry.TraceRegistry.registerTrace()
$148=private final kieker.monitoring.core.registry.TraceRegistry$TracePoint kieker.monitoring.core.registry.TraceRegistry.getAndRemoveParentTraceId(java.lang.Thread)
$149=private final long kieker.monitoring.core.registry.TraceRegistry.getId()
$150=private kieker.monitoring.core.registry.SessionRegistry.<init>(java.lang.String, int)
$151=kieker.monitoring.core.registry.SessionRegistry
$152=public final java.lang.String kieker.monitoring.core.registry.SessionRegistry.recallThreadLocalSessionId()
$153=kieker.common.record.flow.trace.TraceMetadata
$154=public kieker.common.record.flow.trace.TraceMetadata.<init>(long, long, java.lang.String, java.lang.String, long, int)
$155=public final boolean kieker.monitoring.core.controller.MonitoringController.newMonitoringRecord(kieker.common.record.IMonitoringRecord)
$156=public final boolean kieker.monitoring.core.controller.WriterController.newMonitoringRecord(kieker.common.record.IMonitoringRecord)
$157=public final long kieker.monitoring.timer.SystemNanoTimer.getTime()
$158=public final void kieker.common.record.AbstractMonitoringRecord.setLoggingTimestamp(long)
$159=public final boolean kieker.monitoring.core.controller.MonitoringController.sendMetadataAsRecord()
$160=public final int kieker.monitoring.core.controller.MonitoringController.getExperimentId()
$161=public long kieker.monitoring.timer.SystemNanoTimer.getOffset()
$162=public final java.util.concurrent.TimeUnit kieker.monitoring.timer.SystemNanoTimer.getTimeUnit()
$163=public final long kieker.monitoring.core.controller.MonitoringController.getNumberOfInserts()
$164=kieker.common.record.misc.KiekerMetadataRecord
$165=public kieker.common.record.misc.KiekerMetadataRecord.<init>(java.lang.String, java.lang.String, java.lang.String, int, boolean, long, java.lang.String, long)
$166=public final boolean kieker.monitoring.writer.AbstractAsyncWriter.newMonitoringRecord(kieker.common.record.IMonitoringRecord)
$167=protected final void kieker.monitoring.writer.filesystem.async.AbstractFsWriterThread.consume(kieker.common.record.IMonitoringRecord)
$168=protected final java.lang.String kieker.monitoring.writer.filesystem.async.AbstractFsWriterThread.getFilename()
$169=protected final void kieker.monitoring.writer.filesystem.async.FsWriterThread.prepareFile(java.lang.String)
$170=protected final void kieker.monitoring.writer.filesystem.async.FsWriterThread.write(kieker.common.record.IMonitoringRecord)
$171=public java.lang.Object[] kieker.common.record.misc.KiekerMetadataRecord.toArray()
$172=public final java.lang.String kieker.common.record.misc.KiekerMetadataRecord.getVersion()
$173=public final java.lang.String kieker.common.record.misc.KiekerMetadataRecord.getControllerName()
$174=public final java.lang.String kieker.common.record.misc.KiekerMetadataRecord.getHostname()
$175=public final int kieker.common.record.misc.KiekerMetadataRecord.getExperimentId()
$176=public final boolean kieker.common.record.misc.KiekerMetadataRecord.isDebugMode()
$177=public final long kieker.common.record.misc.KiekerMetadataRecord.getTimeOffset()
$178=public final java.lang.String kieker.common.record.misc.KiekerMetadataRecord.getTimeUnit()
$179=public final long kieker.common.record.misc.KiekerMetadataRecord.getNumberOfRecords()
$180=public final int kieker.monitoring.core.controller.MonitoringController.getUniqueIdForString(java.lang.String)
$181=public final int kieker.monitoring.core.controller.RegistryController.getUniqueIdForString(java.lang.String)
$182=public final int kieker.common.util.registry.Registry.get(java.lang.Object)
$183=private static final int kieker.common.util.registry.Registry.hash(java.lang.Object)
$184=protected final int kieker.common.util.registry.Registry$Segment.get(java.lang.Object, int, java.util.concurrent.atomic.AtomicInteger)
$185=private final void kieker.common.util.registry.Registry$Segment.rehash()
$186=protected kieker.common.util.registry.Registry$HashEntry.<init>(java.lang.Object, int, int, kieker.common.util.registry.Registry$HashEntry)
$187=kieker.common.util.registry.Registry$HashEntry
$188=kieker.common.record.misc.RegistryRecord
$189=public kieker.common.record.misc.RegistryRecord.<init>(int, java.lang.String)
$190=public final java.lang.String kieker.common.record.misc.RegistryRecord.getString()
$191=public final boolean kieker.monitoring.writer.AbstractAsyncWriter.newMonitoringRecordNonBlocking(kieker.common.record.IMonitoringRecord)
$192=public final long kieker.common.record.AbstractMonitoringRecord.getLoggingTimestamp()
$193=public final void kieker.monitoring.writer.filesystem.map.MappingFileWriter.write(kieker.common.record.misc.RegistryRecord)
$194=public final int kieker.common.record.misc.RegistryRecord.getId()
$195=public static final java.lang.String kieker.common.util.filesystem.FSUtil.encodeNewline(java.lang.String)
$196=kieker.common.util.filesystem.FSUtil
$197=public final long kieker.common.record.flow.trace.TraceMetadata.getTraceId()
$198=public final int kieker.common.record.flow.trace.TraceMetadata.getNextOrderId()
$199=kieker.common.record.flow.trace.operation.BeforeOperationEvent
$200=public kieker.common.record.flow.AbstractEvent.<init>(long)
$201=public kieker.common.record.flow.trace.AbstractTraceEvent.<init>(long, long, int)
$202=public kieker.common.record.flow.trace.operation.AbstractOperationEvent.<init>(long, long, int, java.lang.String, java.lang.String)
$203=public kieker.common.record.flow.trace.operation.BeforeOperationEvent.<init>(long, long, int, java.lang.String, java.lang.String)
$120=public final java.lang.String kieker.monitoring.core.controller.JMXController.toString()
$204=public final long mooBench.monitoredApplication.MonitoredClassThreaded.monitoredMethod(long, int)
$205=kieker.common.record.flow.trace.operation.AfterOperationEvent
$206=public kieker.common.record.flow.trace.operation.AfterOperationEvent.<init>(long, long, int, java.lang.String, java.lang.String)
$207=public final void kieker.monitoring.core.registry.TraceRegistry.unregisterTrace()
$208=public java.lang.Object[] kieker.common.record.flow.trace.TraceMetadata.toArray()
$209=public final long kieker.common.record.flow.trace.TraceMetadata.getThreadId()
$210=public final java.lang.String kieker.common.record.flow.trace.TraceMetadata.getSessionId()
$211=public final java.lang.String kieker.common.record.flow.trace.TraceMetadata.getHostname()
$212=public final long kieker.common.record.flow.trace.TraceMetadata.getParentTraceId()
$213=public final int kieker.common.record.flow.trace.TraceMetadata.getParentOrderId()
$214=public java.lang.Object[] kieker.common.record.flow.trace.operation.AbstractOperationEvent.toArray()
$215=public final long kieker.common.record.flow.AbstractEvent.getTimestamp()
$216=public final long kieker.common.record.flow.trace.AbstractTraceEvent.getTraceId()
$218=public final java.lang.String kieker.common.record.flow.trace.operation.AbstractOperationEvent.getOperationSignature()
$217=public final int kieker.common.record.flow.trace.AbstractTraceEvent.getOrderIndex()
$219=public final java.lang.String kieker.common.record.flow.trace.operation.AbstractOperationEvent.getClassSignature()
$220=public void kieker.monitoring.core.controller.MonitoringController$1.run()
$221=public final boolean kieker.monitoring.core.controller.MonitoringController.isMonitoringTerminated()
$222=public final boolean kieker.monitoring.core.controller.MonitoringController.terminateMonitoring()
$223=public final boolean kieker.monitoring.core.controller.StateController.terminateMonitoring()
$224=protected final boolean kieker.monitoring.core.controller.AbstractController.terminate()
$225=protected final void kieker.monitoring.core.controller.MonitoringController.cleanup()
$226=protected void kieker.monitoring.core.controller.ProbeController.cleanup()
$227=protected final void kieker.monitoring.core.controller.RegistryController.cleanup()
$228=protected final void kieker.monitoring.core.controller.TimeSourceController.cleanup()
$229=protected final void kieker.monitoring.core.controller.WriterController.cleanup()
$230=public final void kieker.monitoring.writer.AbstractAsyncWriter.terminate()
$231=public final void kieker.monitoring.writer.AbstractAsyncThread.initShutdown(java.util.concurrent.CountDownLatch)
$232=protected final void kieker.monitoring.writer.filesystem.async.FsWriterThread.cleanup()
$233=protected final void kieker.monitoring.core.controller.JMXController.cleanup()
$234=protected final void kieker.monitoring.core.controller.SamplingController.cleanup()
$235=protected final void kieker.monitoring.core.controller.StateController.cleanup()
